// Jest Snapshot v1, https://goo.gl/fbAQLP

exports[`Basic Rendering 1`] = `
<div>
  <h4
    className="makeStyles-embeddedFormHeader-9"
  >
    Make your mark
  </h4>
  <form
    className="makeStyles-form-1"
    onSubmit={[Function]}
  >
    <p
      className="MuiFormHelperText-root"
    >
      Mark YOUR CURRENT LOCATION on the map for others to see!
      <br />
    </p>
    <div
      className="MuiFormControl-root MuiTextField-root MuiFormControl-marginNormal"
    >
      <label
        className="MuiFormLabel-root MuiInputLabel-root MuiInputLabel-formControl MuiInputLabel-animated"
        data-shrink={false}
      >
        name
      </label>
      <div
        className="MuiInputBase-root MuiInput-root MuiInput-underline MuiInputBase-formControl MuiInput-formControl"
        onClick={[Function]}
      >
        <input
          aria-invalid={false}
          className="MuiInputBase-input MuiInput-input"
          disabled={false}
          name="name"
          onBlur={[Function]}
          onChange={[Function]}
          onFocus={[Function]}
          required={false}
          type="text"
          value=""
        />
      </div>
      
    </div>
    <div
      className="MuiFormControl-root MuiFormControl-marginNormal"
      style={
        Object {
          "maxWidth": 200,
        }
      }
    >
      <label
        className="MuiFormLabel-root MuiInputLabel-root MuiInputLabel-formControl MuiInputLabel-animated"
        data-shrink={false}
        htmlFor="category"
      >
        Location Type
      </label>
      <div
        className="MuiInputBase-root MuiInput-root MuiInput-underline MuiInputBase-formControl MuiInput-formControl"
        onClick={[Function]}
        style={
          Object {
            "width": 200,
          }
        }
      >
        <select
          aria-invalid={false}
          className="MuiSelect-root MuiSelect-select MuiInputBase-input MuiInput-input MuiInputBase-inputSelect"
          disabled={false}
          id="category"
          multiple={false}
          name="category"
          onBlur={[Function]}
          onChange={[Function]}
          onFocus={[Function]}
          required={false}
          value=""
        >
          <option>
            Loading...
          </option>
        </select>
        <svg
          aria-hidden="true"
          className="MuiSvgIcon-root MuiSelect-icon"
          focusable="false"
          role="presentation"
          viewBox="0 0 24 24"
        >
          <path
            d="M7 10l5 5 5-5z"
          />
        </svg>
      </div>
    </div>
    <p
      className="MuiTypography-root MuiTypography-body1 MuiTypography-colorTextSecondary"
    >
      Video upload coming soon!
    </p>
    <pre
      className="MuiFormHelperText-root Mui-error"
    />
    <button
      className="MuiButtonBase-root MuiButton-root makeStyles-submit-5 MuiButton-contained MuiButton-containedPrimary Mui-disabled Mui-disabled"
      disabled={true}
      margin="normal"
      onBlur={[Function]}
      onDragLeave={[Function]}
      onFocus={[Function]}
      onKeyDown={[Function]}
      onKeyUp={[Function]}
      onMouseDown={[Function]}
      onMouseLeave={[Function]}
      onMouseUp={[Function]}
      onTouchEnd={[Function]}
      onTouchMove={[Function]}
      onTouchStart={[Function]}
      tabIndex={-1}
      type="submit"
    >
      <span
        className="MuiButton-label"
      >
        Create
      </span>
    </button>
  </form>
</div>
`;
