// Jest Snapshot v1, https://goo.gl/fbAQLP

exports[`Basic Rendering 1`] = `
<div>
  <form
    className="makeStyles-textFieldForm-3"
    onSubmit={[Function]}
  >
    <div
      className="MuiFormControl-root MuiTextField-root MuiFormControl-marginNormal"
    >
      <label
        className="MuiFormLabel-root MuiInputLabel-root MuiInputLabel-formControl MuiInputLabel-animated"
        data-shrink={false}
      >
        Hey hey hey
      </label>
      <div
        className="MuiInputBase-root MuiInput-root MuiInput-underline MuiInputBase-formControl MuiInput-formControl MuiInputBase-multiline MuiInput-multiline"
        onClick={[Function]}
      >
        <textarea
          aria-invalid={false}
          className="MuiInputBase-input MuiInput-input MuiInputBase-inputMultiline MuiInput-inputMultiline"
          disabled={false}
          name="status"
          onBlur={[Function]}
          onChange={[Function]}
          onFocus={[Function]}
          required={false}
          rows="4"
          value=""
        />
      </div>
      
    </div>
    <pre
      className="MuiFormHelperText-root Mui-error"
    />
    <button
      className="MuiButtonBase-root MuiButton-root makeStyles-pullRight-7 MuiButton-outlined MuiButton-outlinedPrimary Mui-disabled Mui-disabled"
      disabled={true}
      margin="normal"
      onBlur={[Function]}
      onDragLeave={[Function]}
      onFocus={[Function]}
      onKeyDown={[Function]}
      onKeyUp={[Function]}
      onMouseDown={[Function]}
      onMouseLeave={[Function]}
      onMouseUp={[Function]}
      onTouchEnd={[Function]}
      onTouchMove={[Function]}
      onTouchStart={[Function]}
      tabIndex={-1}
      type="submit"
    >
      <span
        className="MuiButton-label"
      >
        Update
      </span>
    </button>
  </form>
</div>
`;
