// Jest Snapshot v1, https://goo.gl/fbAQLP

exports[`Basic Rendering 1`] = `
<div
  className="MuiPaper-root MuiPaper-elevation1 MuiCard-root makeStyles-card-1 MuiPaper-rounded"
>
  <div
    className="MuiCardContent-root"
  >
    <div
      className="MuiAvatar-root MuiAvatar-colorDefault"
    />
    <h2
      className="MuiTypography-root MuiTypography-h5"
    >
      testymctestface
    </h2>
    <p
      className="MuiTypography-root MuiTypography-body2"
    >
      hello, this is dog
    </p>
  </div>
</div>
`;
