// Jest Snapshot v1, https://goo.gl/fbAQLP

exports[`Basic Rendering 1`] = `
<div
  className="MuiPaper-root MuiPaper-elevation1 MuiCard-root MuiPaper-rounded"
>
  <div
    className="MuiCardHeader-root"
  >
    <div
      className="MuiCardHeader-avatar"
    >
      <div
        className="MuiAvatar-root"
      >
        <img
          alt="Loading"
          className="MuiAvatar-img"
          src="ajax-loader.gif"
        />
      </div>
    </div>
    <div
      className="MuiCardHeader-content"
    >
      <span
        className="MuiTypography-root MuiCardHeader-title MuiTypography-body2 MuiTypography-displayBlock"
      >
        Loading
      </span>
    </div>
  </div>
  <div
    className="MuiCardContent-root"
  >
    <p
      className="MuiTypography-root MuiTypography-body2"
    >
      
    </p>
  </div>
</div>
`;
