// Jest Snapshot v1, https://goo.gl/fbAQLP

exports[`Basic Rendering 1`] = `
<div
  className="MuiPaper-root MuiPaper-elevation1 MuiCard-root MuiPaper-rounded"
>
  <div
    className="MuiCardHeader-root"
  >
    <div
      className="MuiCardHeader-content"
    >
      <span
        className="MuiTypography-root MuiCardHeader-title MuiTypography-h5 MuiTypography-displayBlock"
      >
        Loading
      </span>
      <span
        className="MuiTypography-root MuiCardHeader-subheader MuiTypography-body1 MuiTypography-colorTextSecondary MuiTypography-displayBlock"
      >
        avatars coming soon
      </span>
    </div>
  </div>
  <div
    className="MuiCardContent-root"
  >
    <div>
      <form
        className="makeStyles-textFieldForm-68"
        onSubmit={[Function]}
      >
        <div
          className="MuiFormControl-root MuiTextField-root MuiFormControl-marginNormal"
        >
          <label
            className="MuiFormLabel-root MuiInputLabel-root MuiInputLabel-formControl MuiInputLabel-animated MuiInputLabel-shrink MuiFormLabel-filled"
            data-shrink={true}
          >
            status
          </label>
          <div
            className="MuiInputBase-root MuiInput-root MuiInput-underline MuiInputBase-formControl MuiInput-formControl MuiInputBase-multiline MuiInput-multiline"
            onClick={[Function]}
          >
            <textarea
              aria-invalid={false}
              className="MuiInputBase-input MuiInput-input MuiInputBase-inputMultiline MuiInput-inputMultiline"
              disabled={false}
              name="status"
              onBlur={[Function]}
              onChange={[Function]}
              onFocus={[Function]}
              required={false}
              rows="4"
              value="Whatcha sayin?"
            />
          </div>
          
        </div>
        <span
          className="MuiFormHelperText-root Mui-error"
        />
        <button
          className="MuiButtonBase-root MuiButton-root makeStyles-pullRight-72 MuiButton-outlined MuiButton-outlinedPrimary"
          disabled={false}
          margin="normal"
          onBlur={[Function]}
          onDragLeave={[Function]}
          onFocus={[Function]}
          onKeyDown={[Function]}
          onKeyUp={[Function]}
          onMouseDown={[Function]}
          onMouseLeave={[Function]}
          onMouseUp={[Function]}
          onTouchEnd={[Function]}
          onTouchMove={[Function]}
          onTouchStart={[Function]}
          tabIndex={0}
          type="submit"
        >
          <span
            className="MuiButton-label"
          >
            Update
          </span>
        </button>
      </form>
    </div>
  </div>
</div>
`;
