// Jest Snapshot v1, https://goo.gl/fbAQLP

exports[`Basic Rendering 1`] = `
<div
  className="makeStyles-card-1"
>
  <div
    className="makeStyles-details-2"
  >
    <div
      className="MuiCardContent-root makeStyles-content-3"
    >
      <h5
        className="MuiTypography-root MuiTypography-h5"
      >
        Loading
      </h5>
      <h6
        className="MuiTypography-root MuiTypography-subtitle1 MuiTypography-colorTextSecondary"
      >
        
      </h6>
      <h6
        className="MuiTypography-root MuiTypography-subtitle2 MuiTypography-colorTextSecondary"
      >
        Created by [object Object]
      </h6>
    </div>
  </div>
</div>
`;
