// Jest Snapshot v1, https://goo.gl/fbAQLP

exports[`Basic Rendering 1`] = `
<div
  className="makeStyles-card-1"
>
  <div
    className="makeStyles-details-2"
  >
    <div
      className="MuiCardContent-root makeStyles-content-3"
    >
      <h5
        className="MuiTypography-root MuiTypography-h5"
      >
        <div
          className="MuiCircularProgress-root MuiCircularProgress-colorPrimary MuiCircularProgress-indeterminate"
          role="progressbar"
          style={
            Object {
              "height": 40,
              "width": 40,
            }
          }
        >
          <svg
            className="MuiCircularProgress-svg"
            viewBox="22 22 44 44"
          >
            <circle
              className="MuiCircularProgress-circle MuiCircularProgress-circleIndeterminate"
              cx={44}
              cy={44}
              fill="none"
              r={20.2}
              strokeWidth={3.6}
              style={Object {}}
            />
          </svg>
        </div>
      </h5>
      <h6
        className="MuiTypography-root MuiTypography-subtitle1 MuiTypography-colorTextSecondary"
      >
        
      </h6>
      <h6
        className="MuiTypography-root MuiTypography-subtitle2 MuiTypography-colorTextSecondary"
      >
        
      </h6>
      <span>
        <svg
          aria-hidden="true"
          className="MuiSvgIcon-root"
          focusable="false"
          onClick={[Function]}
          role="presentation"
          style={
            Object {
              "color": "#ffeb3b",
            }
          }
          viewBox="0 0 24 24"
        >
          <path
            d="M22 9.24l-7.19-.62L12 2 9.19 8.63 2 9.24l5.46 4.73L5.82 21 12 17.27 18.18 21l-1.63-7.03L22 9.24zM12 15.4l-3.76 2.27 1-4.28-3.32-2.88 4.38-.38L12 6.1l1.71 4.04 4.38.38-3.32 2.88 1 4.28L12 15.4z"
          />
        </svg>
        0
      </span>
    </div>
  </div>
</div>
`;
