// Jest Snapshot v1, https://goo.gl/fbAQLP

exports[`Basic Rendering 1`] = `
Array [
  <ul
    className="MuiList-root MuiList-padding"
  >
    <li
      className="MuiListItem-root MuiListItem-gutters MuiListItem-alignItemsFlexStart"
      disabled={false}
    >
      <div
        className="MuiListItemAvatar-root MuiListItemAvatar-alignItemsFlexStart"
      >
        <div
          className="MuiAvatar-root"
        >
          <img
            alt="Loading..."
            className="MuiAvatar-img"
            src={<ForwardRef(WithStyles) />}
          />
        </div>
      </div>
      <div
        className="MuiListItemText-root MuiListItemText-multiline"
      >
        <span
          className="MuiTypography-root MuiListItemText-primary MuiTypography-body1"
        >
          Loading...
        </span>
        <p
          className="MuiTypography-root MuiTypography-body2 MuiTypography-colorTextPrimary"
        >
          
        </p>
      </div>
    </li>
    <li
      className="MuiDivider-root MuiDivider-inset"
      role="separator"
    />
  </ul>,
  <div
    style={
      Object {
        "marginBottom": 100,
      }
    }
  />,
]
`;
